Archive member included to satisfy reference by file (symbol)

/usr/lib/gcc/arm-none-eabi/14.2.0/../../../../arm-none-eabi/lib/thumb/v7-m/nofp/libg.a(libc_a-init.o)
                              build/CMSIS/startup_stm32f103xb.o (__libc_init_array)

Discarded input sections

 .text          0x00000000        0x0 build/src/main.o
 .data          0x00000000        0x0 build/src/main.o
 .bss           0x00000000        0x0 build/src/main.o
 .text.delay_dummy
                0x00000000       0x28 build/src/main.o
 .text          0x00000000        0x0 build/CMSIS/syscalls.o
 .data          0x00000000        0x0 build/CMSIS/syscalls.o
 .bss           0x00000000        0x0 build/CMSIS/syscalls.o
 .text._exit    0x00000000        0xc build/CMSIS/syscalls.o
 .text._close   0x00000000       0x16 build/CMSIS/syscalls.o
 .text._fstat   0x00000000       0x1e build/CMSIS/syscalls.o
 .text._isatty  0x00000000       0x14 build/CMSIS/syscalls.o
 .text._lseek   0x00000000       0x18 build/CMSIS/syscalls.o
 .text._read    0x00000000       0x18 build/CMSIS/syscalls.o
 .text._write   0x00000000       0x18 build/CMSIS/syscalls.o
 .text          0x00000000        0x0 build/CMSIS/system_stm32f1xx.o
 .data          0x00000000        0x0 build/CMSIS/system_stm32f1xx.o
 .bss           0x00000000        0x0 build/CMSIS/system_stm32f1xx.o
 .rodata.AHBPrescTable
                0x00000000       0x10 build/CMSIS/system_stm32f1xx.o
 .rodata.APBPrescTable
                0x00000000        0x8 build/CMSIS/system_stm32f1xx.o
 .text.SystemCoreClockUpdate
                0x00000000       0xe4 build/CMSIS/system_stm32f1xx.o
 .text          0x00000000       0x14 build/CMSIS/startup_stm32f103xb.o
 .data          0x00000000        0x0 build/CMSIS/startup_stm32f103xb.o
 .bss           0x00000000        0x0 build/CMSIS/startup_stm32f103xb.o
 .text          0x00000000        0x0 /usr/lib/gcc/arm-none-eabi/14.2.0/../../../../arm-none-eabi/lib/thumb/v7-m/nofp/libg.a(libc_a-init.o)
 .data          0x00000000        0x0 /usr/lib/gcc/arm-none-eabi/14.2.0/../../../../arm-none-eabi/lib/thumb/v7-m/nofp/libg.a(libc_a-init.o)
 .bss           0x00000000        0x0 /usr/lib/gcc/arm-none-eabi/14.2.0/../../../../arm-none-eabi/lib/thumb/v7-m/nofp/libg.a(libc_a-init.o)

Memory Configuration

Name             Origin             Length             Attributes
FLASH            0x08000000         0x00020000         xr
RAM              0x20000000         0x00005000         xrw
*default*        0x00000000         0xffffffff

Linker script and memory map

LOAD build/src/main.o
LOAD build/CMSIS/syscalls.o
LOAD build/CMSIS/system_stm32f1xx.o
LOAD build/CMSIS/startup_stm32f103xb.o
START GROUP
LOAD /usr/lib/gcc/arm-none-eabi/14.2.0/thumb/v7-m/nofp/libgcc.a
LOAD /usr/lib/gcc/arm-none-eabi/14.2.0/../../../../arm-none-eabi/lib/thumb/v7-m/nofp/libg.a
LOAD /usr/lib/gcc/arm-none-eabi/14.2.0/../../../../arm-none-eabi/lib/thumb/v7-m/nofp/libc.a
END GROUP
                0x20004fff                        _estack = 0x20004fff
                0x00000200                        _Min_Heap_Size = 0x200
                0x00000400                        _Min_Stack_Size = 0x400

.isr_vector     0x08000000      0x10c
                0x08000000                        . = ALIGN (0x4)
 *(.isr_vector)
 .isr_vector    0x08000000      0x10c build/CMSIS/startup_stm32f103xb.o
                0x08000000                g_pfnVectors
                0x0800010c                        . = ALIGN (0x4)

.text           0x0800010c      0x47c
                0x0800010c                        . = ALIGN (0x4)
 *(.text)
 *(.text*)
 .text.__NVIC_EnableIRQ
                0x0800010c       0x38 build/src/main.o
 .text.__NVIC_SetPriority
                0x08000144       0x54 build/src/main.o
 .text.SysTick_Handler
                0x08000198       0x48 build/src/main.o
                0x08000198                SysTick_Handler
 .text.USART1_IRQHandler
                0x080001e0       0x34 build/src/main.o
                0x080001e0                USART1_IRQHandler
 .text.UART_send_char
                0x08000214       0x2c build/src/main.o
                0x08000214                UART_send_char
 .text.UART_send_string
                0x08000240       0x2c build/src/main.o
                0x08000240                UART_send_string
 .text.main     0x0800026c      0x1a0 build/src/main.o
                0x0800026c                main
 .text._init    0x0800040c        0xc build/CMSIS/syscalls.o
                0x0800040c                _init
 .text.SystemInit
                0x08000418       0xd4 build/CMSIS/system_stm32f1xx.o
                0x08000418                SystemInit
 .text.Reset_Handler
                0x080004ec       0x48 build/CMSIS/startup_stm32f103xb.o
                0x080004ec                Reset_Handler
 .text.Default_Handler
                0x08000534        0x2 build/CMSIS/startup_stm32f103xb.o
                0x08000534                RTC_Alarm_IRQHandler
                0x08000534                EXTI2_IRQHandler
                0x08000534                DebugMon_Handler
                0x08000534                TIM1_CC_IRQHandler
                0x08000534                HardFault_Handler
                0x08000534                PVD_IRQHandler
                0x08000534                PendSV_Handler
                0x08000534                NMI_Handler
                0x08000534                EXTI3_IRQHandler
                0x08000534                EXTI0_IRQHandler
                0x08000534                I2C2_EV_IRQHandler
                0x08000534                UsageFault_Handler
                0x08000534                ADC1_2_IRQHandler
                0x08000534                SPI1_IRQHandler
                0x08000534                TAMPER_IRQHandler
                0x08000534                DMA1_Channel4_IRQHandler
                0x08000534                USART3_IRQHandler
                0x08000534                RTC_IRQHandler
                0x08000534                DMA1_Channel7_IRQHandler
                0x08000534                CAN1_RX1_IRQHandler
                0x08000534                TIM4_IRQHandler
                0x08000534                I2C1_EV_IRQHandler
                0x08000534                DMA1_Channel6_IRQHandler
                0x08000534                TIM3_IRQHandler
                0x08000534                RCC_IRQHandler
                0x08000534                TIM1_TRG_COM_IRQHandler
                0x08000534                DMA1_Channel1_IRQHandler
                0x08000534                Default_Handler
                0x08000534                EXTI15_10_IRQHandler
                0x08000534                EXTI9_5_IRQHandler
                0x08000534                SPI2_IRQHandler
                0x08000534                MemManage_Handler
                0x08000534                SVC_Handler
                0x08000534                DMA1_Channel5_IRQHandler
                0x08000534                EXTI4_IRQHandler
                0x08000534                USB_LP_CAN1_RX0_IRQHandler
                0x08000534                USB_HP_CAN1_TX_IRQHandler
                0x08000534                DMA1_Channel3_IRQHandler
                0x08000534                TIM1_UP_IRQHandler
                0x08000534                WWDG_IRQHandler
                0x08000534                TIM2_IRQHandler
                0x08000534                TIM1_BRK_IRQHandler
                0x08000534                EXTI1_IRQHandler
                0x08000534                USART2_IRQHandler
                0x08000534                I2C2_ER_IRQHandler
                0x08000534                DMA1_Channel2_IRQHandler
                0x08000534                CAN1_SCE_IRQHandler
                0x08000534                FLASH_IRQHandler
                0x08000534                BusFault_Handler
                0x08000534                I2C1_ER_IRQHandler
                0x08000534                USBWakeUp_IRQHandler
 *fill*         0x08000536        0x2 
 .text.__libc_init_array
                0x08000538       0x50 /usr/lib/gcc/arm-none-eabi/14.2.0/../../../../arm-none-eabi/lib/thumb/v7-m/nofp/libg.a(libc_a-init.o)
                0x08000538                __libc_init_array
 *(.glue_7)
 .glue_7        0x08000588        0x0 linker stubs
 *(.glue_7t)
 .glue_7t       0x08000588        0x0 linker stubs
 *(.eh_frame)
 *(.init)
 *(.fini)
                0x08000588                        . = ALIGN (0x4)
                0x08000588                        _etext = .

.vfp11_veneer   0x08000588        0x0
 .vfp11_veneer  0x08000588        0x0 linker stubs

.v4_bx          0x08000588        0x0
 .v4_bx         0x08000588        0x0 linker stubs

.iplt           0x08000588        0x0
 .iplt          0x08000588        0x0 build/src/main.o

.rodata         0x08000588       0x40
                0x08000588                        . = ALIGN (0x4)
 *(.rodata)
 .rodata        0x08000588       0x3e build/src/main.o
 *(.rodata*)
                0x080005c8                        . = ALIGN (0x4)
 *fill*         0x080005c6        0x2 

.rel.dyn        0x080005c8        0x0
 .rel.iplt      0x080005c8        0x0 build/src/main.o

.ARM.extab
 *(.ARM.extab* .gnu.linkonce.armextab.*)

.ARM            0x080005c8        0x0
                0x080005c8                        __exidx_start = .
 *(.ARM.exidx*)
                0x080005c8                        __exidx_end = .

.preinit_array  0x080005c8        0x0
                0x080005c8                        PROVIDE (__preinit_array_start = .)
 *(.preinit_array*)
                0x080005c8                        PROVIDE (__preinit_array_end = .)

.init_array     0x080005c8        0x0
                0x080005c8                        PROVIDE (__init_array_start = .)
 *(SORT_BY_NAME(.init_array.*))
 *(.init_array*)
                0x080005c8                        PROVIDE (__init_array_end = .)

.fini_array     0x080005c8        0x0
                [!provide]                        PROVIDE (__fini_array_start = .)
 *(SORT_BY_NAME(.fini_array.*))
 *(.fini_array*)
                [!provide]                        PROVIDE (__fini_array_end = .)
                0x080005c8                        _sidata = LOADADDR (.data)

.data           0x20000000        0x4 load address 0x080005c8
                0x20000000                        . = ALIGN (0x4)
                0x20000000                        _sdata = .
 *(.data)
 *(.data*)
 .data.SystemCoreClock
                0x20000000        0x4 build/CMSIS/system_stm32f1xx.o
                0x20000000                SystemCoreClock
                0x20000004                        . = ALIGN (0x4)
                0x20000004                        _edata = .

.igot.plt       0x20000004        0x0 load address 0x080005cc
 .igot.plt      0x20000004        0x0 build/src/main.o
                0x20000004                        . = ALIGN (0x4)

.bss            0x20000004        0xc load address 0x080005cc
                0x20000004                        _sbss = .
                0x20000004                        __bss_start__ = _sbss
 *(.bss)
 *(.bss*)
 .bss.led_mode  0x20000004        0x1 build/src/main.o
                0x20000004                led_mode
 *fill*         0x20000005        0x3 
 .bss.tick_led  0x20000008        0x4 build/src/main.o
                0x20000008                tick_led
 .bss.command_received
                0x2000000c        0x1 build/src/main.o
                0x2000000c                command_received
 .bss.new_command
                0x2000000d        0x1 build/src/main.o
                0x2000000d                new_command
 *(COMMON)
                0x20000010                        . = ALIGN (0x4)
 *fill*         0x2000000e        0x2 
                0x20000010                        _ebss = .
                0x20000010                        __bss_end__ = _ebss

._user_heap_stack
                0x20000010      0x600 load address 0x080005cc
                0x20000010                        . = ALIGN (0x8)
                [!provide]                        PROVIDE (end = .)
                [!provide]                        PROVIDE (_end = .)
                0x20000210                        . = (. + _Min_Heap_Size)
 *fill*         0x20000010      0x200 
                0x20000610                        . = (. + _Min_Stack_Size)
 *fill*         0x20000210      0x400 
                0x20000610                        . = ALIGN (0x8)

/DISCARD/
 libc.a(*)
 libm.a(*)
 libgcc.a(*)

.ARM.attributes
                0x00000000       0x2b
 *(.ARM.attributes)
 .ARM.attributes
                0x00000000       0x2d build/src/main.o
 .ARM.attributes
                0x0000002d       0x2d build/CMSIS/syscalls.o
 .ARM.attributes
                0x0000005a       0x2d build/CMSIS/system_stm32f1xx.o
 .ARM.attributes
                0x00000087       0x21 build/CMSIS/startup_stm32f103xb.o
 .ARM.attributes
                0x000000a8       0x2d /usr/lib/gcc/arm-none-eabi/14.2.0/../../../../arm-none-eabi/lib/thumb/v7-m/nofp/libg.a(libc_a-init.o)
OUTPUT(build/app.elf elf32-littlearm)
LOAD linker stubs
LOAD /usr/lib/gcc/arm-none-eabi/14.2.0/../../../../arm-none-eabi/lib/thumb/v7-m/nofp/libc.a
LOAD /usr/lib/gcc/arm-none-eabi/14.2.0/../../../../arm-none-eabi/lib/thumb/v7-m/nofp/libm.a
LOAD /usr/lib/gcc/arm-none-eabi/14.2.0/thumb/v7-m/nofp/libgcc.a

.debug_info     0x00000000     0x107a
 .debug_info    0x00000000      0x8ab build/src/main.o
 .debug_info    0x000008ab      0x405 build/CMSIS/syscalls.o
 .debug_info    0x00000cb0      0x28f build/CMSIS/system_stm32f1xx.o
 .debug_info    0x00000f3f       0x30 build/CMSIS/startup_stm32f103xb.o
 .debug_info    0x00000f6f      0x10b /usr/lib/gcc/arm-none-eabi/14.2.0/../../../../arm-none-eabi/lib/thumb/v7-m/nofp/libg.a(libc_a-init.o)

.debug_abbrev   0x00000000      0x52b
 .debug_abbrev  0x00000000      0x20b build/src/main.o
 .debug_abbrev  0x0000020b       0xf0 build/CMSIS/syscalls.o
 .debug_abbrev  0x000002fb      0x143 build/CMSIS/system_stm32f1xx.o
 .debug_abbrev  0x0000043e       0x24 build/CMSIS/startup_stm32f103xb.o
 .debug_abbrev  0x00000462       0xc9 /usr/lib/gcc/arm-none-eabi/14.2.0/../../../../arm-none-eabi/lib/thumb/v7-m/nofp/libg.a(libc_a-init.o)

.debug_aranges  0x00000000      0x120
 .debug_aranges
                0x00000000       0x58 build/src/main.o
 .debug_aranges
                0x00000058       0x58 build/CMSIS/syscalls.o
 .debug_aranges
                0x000000b0       0x28 build/CMSIS/system_stm32f1xx.o
 .debug_aranges
                0x000000d8       0x28 build/CMSIS/startup_stm32f103xb.o
 .debug_aranges
                0x00000100       0x20 /usr/lib/gcc/arm-none-eabi/14.2.0/../../../../arm-none-eabi/lib/thumb/v7-m/nofp/libg.a(libc_a-init.o)

.debug_rnglists
                0x00000000       0xc2
 .debug_rnglists
                0x00000000       0x3e build/src/main.o
 .debug_rnglists
                0x0000003e       0x3d build/CMSIS/syscalls.o
 .debug_rnglists
                0x0000007b       0x1b build/CMSIS/system_stm32f1xx.o
 .debug_rnglists
                0x00000096       0x19 build/CMSIS/startup_stm32f103xb.o
 .debug_rnglists
                0x000000af       0x13 /usr/lib/gcc/arm-none-eabi/14.2.0/../../../../arm-none-eabi/lib/thumb/v7-m/nofp/libg.a(libc_a-init.o)

.debug_line     0x00000000      0x7e6
 .debug_line    0x00000000      0x2b9 build/src/main.o
 .debug_line    0x000002b9      0x178 build/CMSIS/syscalls.o
 .debug_line    0x00000431      0x209 build/CMSIS/system_stm32f1xx.o
 .debug_line    0x0000063a       0x78 build/CMSIS/startup_stm32f103xb.o
 .debug_line    0x000006b2      0x134 /usr/lib/gcc/arm-none-eabi/14.2.0/../../../../arm-none-eabi/lib/thumb/v7-m/nofp/libg.a(libc_a-init.o)

.debug_str      0x00000000      0x9f1
 .debug_str     0x00000000      0x9f1 build/src/main.o
                                0x6a4 (size before relaxing)
 .debug_str     0x000009f1      0x2dd build/CMSIS/syscalls.o
 .debug_str     0x000009f1      0x239 build/CMSIS/system_stm32f1xx.o
 .debug_str     0x000009f1       0x6d build/CMSIS/startup_stm32f103xb.o
 .debug_str     0x000009f1      0x21a /usr/lib/gcc/arm-none-eabi/14.2.0/../../../../arm-none-eabi/lib/thumb/v7-m/nofp/libg.a(libc_a-init.o)

.comment        0x00000000       0x1e
 .comment       0x00000000       0x1e build/src/main.o
                                 0x1f (size before relaxing)
 .comment       0x0000001e       0x1f build/CMSIS/syscalls.o
 .comment       0x0000001e       0x1f build/CMSIS/system_stm32f1xx.o
 .comment       0x0000001e       0x1f /usr/lib/gcc/arm-none-eabi/14.2.0/../../../../arm-none-eabi/lib/thumb/v7-m/nofp/libg.a(libc_a-init.o)

.debug_frame    0x00000000      0x2f4
 .debug_frame   0x00000000      0x134 build/src/main.o
 .debug_frame   0x00000134      0x13c build/CMSIS/syscalls.o
 .debug_frame   0x00000270       0x58 build/CMSIS/system_stm32f1xx.o
 .debug_frame   0x000002c8       0x2c /usr/lib/gcc/arm-none-eabi/14.2.0/../../../../arm-none-eabi/lib/thumb/v7-m/nofp/libg.a(libc_a-init.o)

.debug_line_str
                0x00000000       0x53
 .debug_line_str
                0x00000000       0x53 build/CMSIS/startup_stm32f103xb.o

.debug_loclists
                0x00000000       0x6f
 .debug_loclists
                0x00000000       0x6f /usr/lib/gcc/arm-none-eabi/14.2.0/../../../../arm-none-eabi/lib/thumb/v7-m/nofp/libg.a(libc_a-init.o)
