Archive member included to satisfy reference by file (symbol)

/usr/lib/gcc/arm-none-eabi/14.2.0/../../../../arm-none-eabi/lib/thumb/v7-m/nofp/libg.a(libc_a-memset.o)
                              FreeRTOS/tasks.o (memset)
/usr/lib/gcc/arm-none-eabi/14.2.0/../../../../arm-none-eabi/lib/thumb/v7-m/nofp/libg.a(libc_a-init.o)
                              CMSIS/startup_stm32f103xb.o (__libc_init_array)
/usr/lib/gcc/arm-none-eabi/14.2.0/../../../../arm-none-eabi/lib/thumb/v7-m/nofp/libg.a(libc_a-memcpy.o)
                              FreeRTOS/queue.o (memcpy)

Discarded input sections

 .text          0x00000000       0x14 CMSIS/startup_stm32f103xb.o
 .data          0x00000000        0x0 CMSIS/startup_stm32f103xb.o
 .bss           0x00000000        0x0 CMSIS/startup_stm32f103xb.o
 .text          0x00000000        0x0 CMSIS/system_stm32f1xx.o
 .data          0x00000000        0x0 CMSIS/system_stm32f1xx.o
 .bss           0x00000000        0x0 CMSIS/system_stm32f1xx.o
 .rodata.APBPrescTable
                0x00000000        0x8 CMSIS/system_stm32f1xx.o
 .bss.var1      0x00000000        0x4 CMSIS/system_stm32f1xx.o
 .bss.var2      0x00000000        0x4 CMSIS/system_stm32f1xx.o
 .text          0x00000000        0x0 src/syscalls.o
 .data          0x00000000        0x0 src/syscalls.o
 .bss           0x00000000        0x0 src/syscalls.o
 .text._exit    0x00000000        0xc src/syscalls.o
 .text._close   0x00000000       0x16 src/syscalls.o
 .text._fstat   0x00000000       0x1e src/syscalls.o
 .text._isatty  0x00000000       0x14 src/syscalls.o
 .text._lseek   0x00000000       0x18 src/syscalls.o
 .text._read    0x00000000       0x18 src/syscalls.o
 .text._write   0x00000000       0x18 src/syscalls.o
 .text          0x00000000        0x0 src/main.o
 .data          0x00000000        0x0 src/main.o
 .bss           0x00000000        0x0 src/main.o
 .text          0x00000000        0x0 FreeRTOS/list.o
 .data          0x00000000        0x0 FreeRTOS/list.o
 .bss           0x00000000        0x0 FreeRTOS/list.o
 .text.vListInsertEnd
                0x00000000       0x46 FreeRTOS/list.o
 .text          0x00000000        0x0 FreeRTOS/queue.o
 .data          0x00000000        0x0 FreeRTOS/queue.o
 .bss           0x00000000        0x0 FreeRTOS/queue.o
 .text.xQueueGenericReset
                0x00000000       0xe8 FreeRTOS/queue.o
 .text.xQueueGenericCreate
                0x00000000       0x7e FreeRTOS/queue.o
 .text.prvInitialiseNewQueue
                0x00000000       0x3e FreeRTOS/queue.o
 .text.xQueueGenericSend
                0x00000000      0x154 FreeRTOS/queue.o
 .text.xQueueGenericSendFromISR
                0x00000000       0xca FreeRTOS/queue.o
 .text.xQueueGiveFromISR
                0x00000000       0xb8 FreeRTOS/queue.o
 .text.xQueueReceive
                0x00000000      0x144 FreeRTOS/queue.o
 .text.xQueueSemaphoreTake
                0x00000000      0x13c FreeRTOS/queue.o
 .text.xQueuePeek
                0x00000000      0x148 FreeRTOS/queue.o
 .text.xQueueReceiveFromISR
                0x00000000       0xc2 FreeRTOS/queue.o
 .text.xQueuePeekFromISR
                0x00000000       0x66 FreeRTOS/queue.o
 .text.uxQueueMessagesWaiting
                0x00000000       0x20 FreeRTOS/queue.o
 .text.uxQueueSpacesAvailable
                0x00000000       0x2a FreeRTOS/queue.o
 .text.uxQueueMessagesWaitingFromISR
                0x00000000       0x1e FreeRTOS/queue.o
 .text.vQueueDelete
                0x00000000       0x1a FreeRTOS/queue.o
 .text.uxQueueGetQueueItemSize
                0x00000000       0x16 FreeRTOS/queue.o
 .text.uxQueueGetQueueLength
                0x00000000       0x16 FreeRTOS/queue.o
 .text.prvCopyDataToQueue
                0x00000000       0xb8 FreeRTOS/queue.o
 .text.prvCopyDataFromQueue
                0x00000000       0x4c FreeRTOS/queue.o
 .text.prvUnlockQueue
                0x00000000       0xa4 FreeRTOS/queue.o
 .text.prvIsQueueEmpty
                0x00000000       0x2c FreeRTOS/queue.o
 .text.xQueueIsQueueEmptyFromISR
                0x00000000       0x2a FreeRTOS/queue.o
 .text.prvIsQueueFull
                0x00000000       0x30 FreeRTOS/queue.o
 .text.xQueueIsQueueFullFromISR
                0x00000000       0x2e FreeRTOS/queue.o
 .debug_info    0x00000000      0xf6f FreeRTOS/queue.o
 .debug_abbrev  0x00000000      0x2a1 FreeRTOS/queue.o
 .debug_aranges
                0x00000000       0xd8 FreeRTOS/queue.o
 .debug_rnglists
                0x00000000       0xa7 FreeRTOS/queue.o
 .debug_line    0x00000000      0x9e3 FreeRTOS/queue.o
 .debug_str     0x00000000      0x832 FreeRTOS/queue.o
 .comment       0x00000000       0x1f FreeRTOS/queue.o
 .debug_frame   0x00000000      0x384 FreeRTOS/queue.o
 .ARM.attributes
                0x00000000       0x2d FreeRTOS/queue.o
 .text          0x00000000        0x0 FreeRTOS/tasks.o
 .data          0x00000000        0x0 FreeRTOS/tasks.o
 .bss           0x00000000        0x0 FreeRTOS/tasks.o
 .text.vTaskEndScheduler
                0x00000000       0x30 FreeRTOS/tasks.o
 .text.xTaskGetTickCount
                0x00000000       0x1c FreeRTOS/tasks.o
 .text.xTaskGetTickCountFromISR
                0x00000000       0x20 FreeRTOS/tasks.o
 .text.uxTaskGetNumberOfTasks
                0x00000000       0x14 FreeRTOS/tasks.o
 .text.pcTaskGetName
                0x00000000       0x2c FreeRTOS/tasks.o
 .text.xTaskCatchUpTicks
                0x00000000       0x34 FreeRTOS/tasks.o
 .text.vTaskPlaceOnEventList
                0x00000000       0x2c FreeRTOS/tasks.o
 .text.vTaskPlaceOnUnorderedEventList
                0x00000000       0x70 FreeRTOS/tasks.o
 .text.xTaskRemoveFromEventList
                0x00000000      0x194 FreeRTOS/tasks.o
 .text.vTaskRemoveFromUnorderedEventList
                0x00000000      0x144 FreeRTOS/tasks.o
 .text.vTaskSetTimeOutState
                0x00000000       0x30 FreeRTOS/tasks.o
 .text.vTaskInternalSetTimeOutState
                0x00000000       0x2c FreeRTOS/tasks.o
 .text.xTaskCheckForTimeOut
                0x00000000       0x84 FreeRTOS/tasks.o
 .text.vTaskMissedYield
                0x00000000       0x18 FreeRTOS/tasks.o
 .text.xTaskGetCurrentTaskHandle
                0x00000000       0x1c FreeRTOS/tasks.o
 .text.xTaskGetCurrentTaskHandleForCore
                0x00000000       0x30 FreeRTOS/tasks.o
 .text.uxTaskResetEventItemValue
                0x00000000       0x30 FreeRTOS/tasks.o
 .text.ulTaskGenericNotifyTake
                0x00000000       0xe0 FreeRTOS/tasks.o
 .text.xTaskGenericNotifyWait
                0x00000000      0x110 FreeRTOS/tasks.o
 .text.xTaskGenericNotify
                0x00000000      0x1d4 FreeRTOS/tasks.o
 .text.xTaskGenericNotifyFromISR
                0x00000000      0x24c FreeRTOS/tasks.o
 .text.vTaskGenericNotifyGiveFromISR
                0x00000000      0x1bc FreeRTOS/tasks.o
 .text.xTaskGenericNotifyStateClear
                0x00000000       0x58 FreeRTOS/tasks.o
 .text.ulTaskGenericNotifyValueClear
                0x00000000       0x60 FreeRTOS/tasks.o
 .text.vTaskResetState
                0x00000000       0x94 FreeRTOS/tasks.o
 .text          0x00000000        0x0 FreeRTOS/timers.o
 .data          0x00000000        0x0 FreeRTOS/timers.o
 .bss           0x00000000        0x0 FreeRTOS/timers.o
 .debug_info    0x00000000       0x73 FreeRTOS/timers.o
 .debug_abbrev  0x00000000       0x26 FreeRTOS/timers.o
 .debug_aranges
                0x00000000       0x18 FreeRTOS/timers.o
 .debug_line    0x00000000       0x32 FreeRTOS/timers.o
 .debug_str     0x00000000      0x152 FreeRTOS/timers.o
 .comment       0x00000000       0x1f FreeRTOS/timers.o
 .ARM.attributes
                0x00000000       0x2d FreeRTOS/timers.o
 .text          0x00000000        0x0 FreeRTOS/portable/MemMang/heap_4.o
 .data          0x00000000        0x0 FreeRTOS/portable/MemMang/heap_4.o
 .bss           0x00000000        0x0 FreeRTOS/portable/MemMang/heap_4.o
 .rodata.xHeapStructSize
                0x00000000        0x4 FreeRTOS/portable/MemMang/heap_4.o
 .text.xPortGetFreeHeapSize
                0x00000000       0x14 FreeRTOS/portable/MemMang/heap_4.o
 .text.xPortGetMinimumEverFreeHeapSize
                0x00000000       0x14 FreeRTOS/portable/MemMang/heap_4.o
 .text.vPortInitialiseBlocks
                0x00000000        0xc FreeRTOS/portable/MemMang/heap_4.o
 .text.pvPortCalloc
                0x00000000       0x60 FreeRTOS/portable/MemMang/heap_4.o
 .text.vPortGetHeapStats
                0x00000000       0xbc FreeRTOS/portable/MemMang/heap_4.o
 .text.vPortHeapResetState
                0x00000000       0x40 FreeRTOS/portable/MemMang/heap_4.o
 .text          0x00000000        0x0 FreeRTOS/portable/GCC/ARM_CM3/port.o
 .data          0x00000000        0x0 FreeRTOS/portable/GCC/ARM_CM3/port.o
 .bss           0x00000000        0x0 FreeRTOS/portable/GCC/ARM_CM3/port.o
 .text.vPortEndScheduler
                0x00000000        0xc FreeRTOS/portable/GCC/ARM_CM3/port.o
 .text          0x00000000        0x0 /usr/lib/gcc/arm-none-eabi/14.2.0/../../../../arm-none-eabi/lib/thumb/v7-m/nofp/libg.a(libc_a-memset.o)
 .data          0x00000000        0x0 /usr/lib/gcc/arm-none-eabi/14.2.0/../../../../arm-none-eabi/lib/thumb/v7-m/nofp/libg.a(libc_a-memset.o)
 .bss           0x00000000        0x0 /usr/lib/gcc/arm-none-eabi/14.2.0/../../../../arm-none-eabi/lib/thumb/v7-m/nofp/libg.a(libc_a-memset.o)
 .text          0x00000000        0x0 /usr/lib/gcc/arm-none-eabi/14.2.0/../../../../arm-none-eabi/lib/thumb/v7-m/nofp/libg.a(libc_a-init.o)
 .data          0x00000000        0x0 /usr/lib/gcc/arm-none-eabi/14.2.0/../../../../arm-none-eabi/lib/thumb/v7-m/nofp/libg.a(libc_a-init.o)
 .bss           0x00000000        0x0 /usr/lib/gcc/arm-none-eabi/14.2.0/../../../../arm-none-eabi/lib/thumb/v7-m/nofp/libg.a(libc_a-init.o)
 .text          0x00000000       0xec /usr/lib/gcc/arm-none-eabi/14.2.0/../../../../arm-none-eabi/lib/thumb/v7-m/nofp/libg.a(libc_a-memcpy.o)
 .data          0x00000000        0x0 /usr/lib/gcc/arm-none-eabi/14.2.0/../../../../arm-none-eabi/lib/thumb/v7-m/nofp/libg.a(libc_a-memcpy.o)
 .bss           0x00000000        0x0 /usr/lib/gcc/arm-none-eabi/14.2.0/../../../../arm-none-eabi/lib/thumb/v7-m/nofp/libg.a(libc_a-memcpy.o)
 .ARM.extab     0x00000000        0x0 /usr/lib/gcc/arm-none-eabi/14.2.0/../../../../arm-none-eabi/lib/thumb/v7-m/nofp/libg.a(libc_a-memcpy.o)
 .ARM.exidx     0x00000000        0x8 /usr/lib/gcc/arm-none-eabi/14.2.0/../../../../arm-none-eabi/lib/thumb/v7-m/nofp/libg.a(libc_a-memcpy.o)
 .debug_line    0x00000000       0xbd /usr/lib/gcc/arm-none-eabi/14.2.0/../../../../arm-none-eabi/lib/thumb/v7-m/nofp/libg.a(libc_a-memcpy.o)
 .debug_line_str
                0x00000000       0xa2 /usr/lib/gcc/arm-none-eabi/14.2.0/../../../../arm-none-eabi/lib/thumb/v7-m/nofp/libg.a(libc_a-memcpy.o)
 .debug_info    0x00000000       0x33 /usr/lib/gcc/arm-none-eabi/14.2.0/../../../../arm-none-eabi/lib/thumb/v7-m/nofp/libg.a(libc_a-memcpy.o)
 .debug_abbrev  0x00000000       0x28 /usr/lib/gcc/arm-none-eabi/14.2.0/../../../../arm-none-eabi/lib/thumb/v7-m/nofp/libg.a(libc_a-memcpy.o)
 .debug_aranges
                0x00000000       0x20 /usr/lib/gcc/arm-none-eabi/14.2.0/../../../../arm-none-eabi/lib/thumb/v7-m/nofp/libg.a(libc_a-memcpy.o)
 .debug_str     0x00000000       0xb5 /usr/lib/gcc/arm-none-eabi/14.2.0/../../../../arm-none-eabi/lib/thumb/v7-m/nofp/libg.a(libc_a-memcpy.o)
 .debug_frame   0x00000000       0x28 /usr/lib/gcc/arm-none-eabi/14.2.0/../../../../arm-none-eabi/lib/thumb/v7-m/nofp/libg.a(libc_a-memcpy.o)
 .ARM.attributes
                0x00000000       0x1b /usr/lib/gcc/arm-none-eabi/14.2.0/../../../../arm-none-eabi/lib/thumb/v7-m/nofp/libg.a(libc_a-memcpy.o)

Memory Configuration

Name             Origin             Length             Attributes
FLASH            0x08000000         0x00020000         xr
RAM              0x20000000         0x00005000         xrw
*default*        0x00000000         0xffffffff

Linker script and memory map

LOAD CMSIS/startup_stm32f103xb.o
LOAD CMSIS/system_stm32f1xx.o
LOAD src/syscalls.o
LOAD src/main.o
LOAD FreeRTOS/list.o
LOAD FreeRTOS/queue.o
LOAD FreeRTOS/tasks.o
LOAD FreeRTOS/timers.o
LOAD FreeRTOS/portable/MemMang/heap_4.o
LOAD FreeRTOS/portable/GCC/ARM_CM3/port.o
START GROUP
LOAD /usr/lib/gcc/arm-none-eabi/14.2.0/thumb/v7-m/nofp/libgcc.a
LOAD /usr/lib/gcc/arm-none-eabi/14.2.0/../../../../arm-none-eabi/lib/thumb/v7-m/nofp/libg.a
LOAD /usr/lib/gcc/arm-none-eabi/14.2.0/../../../../arm-none-eabi/lib/thumb/v7-m/nofp/libc.a
END GROUP
                0x20004fff                        _estack = 0x20004fff
                0x00000200                        _Min_Heap_Size = 0x200
                0x00000400                        _Min_Stack_Size = 0x400

.isr_vector     0x08000000      0x10c
                0x08000000                        . = ALIGN (0x4)
 *(.isr_vector)
 .isr_vector    0x08000000      0x10c CMSIS/startup_stm32f103xb.o
                0x08000000                g_pfnVectors
                0x0800010c                        . = ALIGN (0x4)

.text           0x08000110     0x145c
                0x08000110                        . = ALIGN (0x4)
 *(.text)
 *(.text*)
 .text.Reset_Handler
                0x08000110       0x48 CMSIS/startup_stm32f103xb.o
                0x08000110                Reset_Handler
 .text.Default_Handler
                0x08000158        0x2 CMSIS/startup_stm32f103xb.o
                0x08000158                RTC_Alarm_IRQHandler
                0x08000158                EXTI2_IRQHandler
                0x08000158                DebugMon_Handler
                0x08000158                TIM1_CC_IRQHandler
                0x08000158                HardFault_Handler
                0x08000158                PVD_IRQHandler
                0x08000158                NMI_Handler
                0x08000158                EXTI3_IRQHandler
                0x08000158                EXTI0_IRQHandler
                0x08000158                I2C2_EV_IRQHandler
                0x08000158                UsageFault_Handler
                0x08000158                ADC1_2_IRQHandler
                0x08000158                SPI1_IRQHandler
                0x08000158                TAMPER_IRQHandler
                0x08000158                DMA1_Channel4_IRQHandler
                0x08000158                USART3_IRQHandler
                0x08000158                RTC_IRQHandler
                0x08000158                DMA1_Channel7_IRQHandler
                0x08000158                CAN1_RX1_IRQHandler
                0x08000158                TIM4_IRQHandler
                0x08000158                I2C1_EV_IRQHandler
                0x08000158                DMA1_Channel6_IRQHandler
                0x08000158                TIM3_IRQHandler
                0x08000158                RCC_IRQHandler
                0x08000158                TIM1_TRG_COM_IRQHandler
                0x08000158                DMA1_Channel1_IRQHandler
                0x08000158                Default_Handler
                0x08000158                EXTI15_10_IRQHandler
                0x08000158                EXTI9_5_IRQHandler
                0x08000158                SPI2_IRQHandler
                0x08000158                MemManage_Handler
                0x08000158                DMA1_Channel5_IRQHandler
                0x08000158                EXTI4_IRQHandler
                0x08000158                USB_LP_CAN1_RX0_IRQHandler
                0x08000158                USB_HP_CAN1_TX_IRQHandler
                0x08000158                DMA1_Channel3_IRQHandler
                0x08000158                TIM1_UP_IRQHandler
                0x08000158                WWDG_IRQHandler
                0x08000158                TIM2_IRQHandler
                0x08000158                TIM1_BRK_IRQHandler
                0x08000158                EXTI1_IRQHandler
                0x08000158                USART2_IRQHandler
                0x08000158                I2C2_ER_IRQHandler
                0x08000158                DMA1_Channel2_IRQHandler
                0x08000158                CAN1_SCE_IRQHandler
                0x08000158                FLASH_IRQHandler
                0x08000158                BusFault_Handler
                0x08000158                USART1_IRQHandler
                0x08000158                I2C1_ER_IRQHandler
                0x08000158                USBWakeUp_IRQHandler
 *fill*         0x0800015a        0x2 
 .text.SystemInit
                0x0800015c       0xd4 CMSIS/system_stm32f1xx.o
                0x0800015c                SystemInit
 .text.SystemCoreClockUpdate
                0x08000230       0xe4 CMSIS/system_stm32f1xx.o
                0x08000230                SystemCoreClockUpdate
 .text._init    0x08000314        0xc src/syscalls.o
                0x08000314                _init
 .text.vBlinkTask
                0x08000320       0x30 src/main.o
                0x08000320                vBlinkTask
 .text.main     0x08000350       0x68 src/main.o
                0x08000350                main
 .text.vListInitialise
                0x080003b8       0x3e FreeRTOS/list.o
                0x080003b8                vListInitialise
 .text.vListInitialiseItem
                0x080003f6       0x18 FreeRTOS/list.o
                0x080003f6                vListInitialiseItem
 .text.vListInsert
                0x0800040e       0x70 FreeRTOS/list.o
                0x0800040e                vListInsert
 .text.uxListRemove
                0x0800047e       0x52 FreeRTOS/list.o
                0x0800047e                uxListRemove
 .text.prvCreateTask
                0x080004d0       0x78 FreeRTOS/tasks.o
 .text.xTaskCreate
                0x08000548       0x46 FreeRTOS/tasks.o
                0x08000548                xTaskCreate
 .text.prvInitialiseNewTask
                0x0800058e       0xca FreeRTOS/tasks.o
 .text.prvAddNewTaskToReadyList
                0x08000658      0x128 FreeRTOS/tasks.o
 .text.vTaskDelay
                0x08000780       0x48 FreeRTOS/tasks.o
                0x08000780                vTaskDelay
 .text.prvCreateIdleTasks
                0x080007c8       0x94 FreeRTOS/tasks.o
 .text.vTaskStartScheduler
                0x0800085c       0x5c FreeRTOS/tasks.o
                0x0800085c                vTaskStartScheduler
 .text.vTaskSuspendAll
                0x080008b8       0x1c FreeRTOS/tasks.o
                0x080008b8                vTaskSuspendAll
 .text.xTaskResumeAll
                0x080008d4      0x1f0 FreeRTOS/tasks.o
                0x080008d4                xTaskResumeAll
 .text.xTaskIncrementTick
                0x08000ac4      0x210 FreeRTOS/tasks.o
                0x08000ac4                xTaskIncrementTick
 .text.vTaskSwitchContext
                0x08000cd4       0x8c FreeRTOS/tasks.o
                0x08000cd4                vTaskSwitchContext
 .text.prvIdleTask
                0x08000d60       0x30 FreeRTOS/tasks.o
 .text.prvInitialiseTaskLists
                0x08000d90       0x6c FreeRTOS/tasks.o
 .text.prvCheckTasksWaitingTermination
                0x08000dfc        0xc FreeRTOS/tasks.o
 .text.prvResetNextTaskUnblockTime
                0x08000e08       0x34 FreeRTOS/tasks.o
 .text.prvAddCurrentTaskToDelayedList
                0x08000e3c       0xac FreeRTOS/tasks.o
 .text.pvPortMalloc
                0x08000ee8      0x15c FreeRTOS/portable/MemMang/heap_4.o
                0x08000ee8                pvPortMalloc
 .text.vPortFree
                0x08001044       0x74 FreeRTOS/portable/MemMang/heap_4.o
                0x08001044                vPortFree
 .text.prvHeapInit
                0x080010b8       0xb4 FreeRTOS/portable/MemMang/heap_4.o
 .text.prvInsertBlockIntoFreeList
                0x0800116c       0xb0 FreeRTOS/portable/MemMang/heap_4.o
 .text.pxPortInitialiseStack
                0x0800121c       0x58 FreeRTOS/portable/GCC/ARM_CM3/port.o
                0x0800121c                pxPortInitialiseStack
 .text.prvTaskExitError
                0x08001274       0x32 FreeRTOS/portable/GCC/ARM_CM3/port.o
 *fill*         0x080012a6        0xa 
 .text.SVC_Handler
                0x080012b0       0x28 FreeRTOS/portable/GCC/ARM_CM3/port.o
                0x080012b0                SVC_Handler
 .text.prvPortStartFirstTask
                0x080012d8       0x24 FreeRTOS/portable/GCC/ARM_CM3/port.o
 .text.xPortStartScheduler
                0x080012fc       0x5c FreeRTOS/portable/GCC/ARM_CM3/port.o
                0x080012fc                xPortStartScheduler
 .text.vPortEnterCritical
                0x08001358       0x34 FreeRTOS/portable/GCC/ARM_CM3/port.o
                0x08001358                vPortEnterCritical
 .text.vPortExitCritical
                0x0800138c       0x34 FreeRTOS/portable/GCC/ARM_CM3/port.o
                0x0800138c                vPortExitCritical
 .text.PendSV_Handler
                0x080013c0       0x48 FreeRTOS/portable/GCC/ARM_CM3/port.o
                0x080013c0                PendSV_Handler
 .text.SysTick_Handler
                0x08001408       0x44 FreeRTOS/portable/GCC/ARM_CM3/port.o
                0x08001408                SysTick_Handler
 .text.vPortSetupTimerInterrupt
                0x0800144c       0x34 FreeRTOS/portable/GCC/ARM_CM3/port.o
                0x0800144c                vPortSetupTimerInterrupt
 .text.memset   0x08001480       0x9c /usr/lib/gcc/arm-none-eabi/14.2.0/../../../../arm-none-eabi/lib/thumb/v7-m/nofp/libg.a(libc_a-memset.o)
                0x08001480                memset
 .text.__libc_init_array
                0x0800151c       0x50 /usr/lib/gcc/arm-none-eabi/14.2.0/../../../../arm-none-eabi/lib/thumb/v7-m/nofp/libg.a(libc_a-init.o)
                0x0800151c                __libc_init_array
 *(.glue_7)
 .glue_7        0x0800156c        0x0 linker stubs
 *(.glue_7t)
 .glue_7t       0x0800156c        0x0 linker stubs
 *(.eh_frame)
 *(.init)
 *(.fini)
                0x0800156c                        . = ALIGN (0x4)
                0x0800156c                        _etext = .

.vfp11_veneer   0x0800156c        0x0
 .vfp11_veneer  0x0800156c        0x0 linker stubs

.v4_bx          0x0800156c        0x0
 .v4_bx         0x0800156c        0x0 linker stubs

.iplt           0x0800156c        0x0
 .iplt          0x0800156c        0x0 CMSIS/startup_stm32f103xb.o

.rodata         0x0800156c       0x24
                0x0800156c                        . = ALIGN (0x4)
 *(.rodata)
 .rodata        0x0800156c        0x6 src/main.o
 *fill*         0x08001572        0x2 
 .rodata        0x08001574        0x5 FreeRTOS/tasks.o
 *(.rodata*)
 *fill*         0x08001579        0x3 
 .rodata.AHBPrescTable
                0x0800157c       0x10 CMSIS/system_stm32f1xx.o
                0x0800157c                AHBPrescTable
 .rodata.uxTopUsedPriority
                0x0800158c        0x4 FreeRTOS/tasks.o
                0x08001590                        . = ALIGN (0x4)

.rel.dyn        0x08001590        0x0
 .rel.iplt      0x08001590        0x0 CMSIS/startup_stm32f103xb.o

.ARM.extab
 *(.ARM.extab* .gnu.linkonce.armextab.*)

.ARM            0x08001590        0x0
                0x08001590                        __exidx_start = .
 *(.ARM.exidx*)
                0x08001590                        __exidx_end = .

.preinit_array  0x08001590        0x0
                0x08001590                        PROVIDE (__preinit_array_start = .)
 *(.preinit_array*)
                0x08001590                        PROVIDE (__preinit_array_end = .)

.init_array     0x08001590        0x0
                0x08001590                        PROVIDE (__init_array_start = .)
 *(SORT_BY_NAME(.init_array.*))
 *(.init_array*)
                0x08001590                        PROVIDE (__init_array_end = .)

.fini_array     0x08001590        0x0
                [!provide]                        PROVIDE (__fini_array_start = .)
 *(SORT_BY_NAME(.fini_array.*))
 *(.fini_array*)
                [!provide]                        PROVIDE (__fini_array_end = .)
                0x08001590                        _sidata = LOADADDR (.data)

.data           0x20000000        0x8 load address 0x08001590
                0x20000000                        . = ALIGN (0x4)
                0x20000000                        _sdata = .
 *(.data)
 *(.data*)
 .data.SystemCoreClock
                0x20000000        0x4 CMSIS/system_stm32f1xx.o
                0x20000000                SystemCoreClock
 .data.uxCriticalNesting
                0x20000004        0x4 FreeRTOS/portable/GCC/ARM_CM3/port.o
                0x20000008                        . = ALIGN (0x4)
                0x20000008                        _edata = .

.igot.plt       0x20000008        0x0 load address 0x08001598
 .igot.plt      0x20000008        0x0 CMSIS/startup_stm32f103xb.o
                0x20000008                        . = ALIGN (0x4)

.bss            0x20000008     0x14f4 load address 0x08001598
                0x20000008                        _sbss = .
                0x20000008                        __bss_start__ = _sbss
 *(.bss)
 *(.bss*)
 .bss.pxCurrentTCB
                0x20000008        0x4 FreeRTOS/tasks.o
                0x20000008                pxCurrentTCB
 .bss.pxReadyTasksLists
                0x2000000c       0x64 FreeRTOS/tasks.o
 .bss.xDelayedTaskList1
                0x20000070       0x14 FreeRTOS/tasks.o
 .bss.xDelayedTaskList2
                0x20000084       0x14 FreeRTOS/tasks.o
 .bss.pxDelayedTaskList
                0x20000098        0x4 FreeRTOS/tasks.o
 .bss.pxOverflowDelayedTaskList
                0x2000009c        0x4 FreeRTOS/tasks.o
 .bss.xPendingReadyList
                0x200000a0       0x14 FreeRTOS/tasks.o
 .bss.uxCurrentNumberOfTasks
                0x200000b4        0x4 FreeRTOS/tasks.o
 .bss.xTickCount
                0x200000b8        0x4 FreeRTOS/tasks.o
 .bss.uxTopReadyPriority
                0x200000bc        0x4 FreeRTOS/tasks.o
 .bss.xSchedulerRunning
                0x200000c0        0x4 FreeRTOS/tasks.o
 .bss.xPendedTicks
                0x200000c4        0x4 FreeRTOS/tasks.o
 .bss.xYieldPendings
                0x200000c8        0x4 FreeRTOS/tasks.o
 .bss.xNumOfOverflows
                0x200000cc        0x4 FreeRTOS/tasks.o
 .bss.uxTaskNumber
                0x200000d0        0x4 FreeRTOS/tasks.o
 .bss.xNextTaskUnblockTime
                0x200000d4        0x4 FreeRTOS/tasks.o
 .bss.xIdleTaskHandles
                0x200000d8        0x4 FreeRTOS/tasks.o
 .bss.uxSchedulerSuspended
                0x200000dc        0x4 FreeRTOS/tasks.o
 .bss.ucHeap    0x200000e0     0x1400 FreeRTOS/portable/MemMang/heap_4.o
 .bss.xStart    0x200014e0        0x8 FreeRTOS/portable/MemMang/heap_4.o
 .bss.pxEnd     0x200014e8        0x4 FreeRTOS/portable/MemMang/heap_4.o
 .bss.xFreeBytesRemaining
                0x200014ec        0x4 FreeRTOS/portable/MemMang/heap_4.o
 .bss.xMinimumEverFreeBytesRemaining
                0x200014f0        0x4 FreeRTOS/portable/MemMang/heap_4.o
 .bss.xNumberOfSuccessfulAllocations
                0x200014f4        0x4 FreeRTOS/portable/MemMang/heap_4.o
 .bss.xNumberOfSuccessfulFrees
                0x200014f8        0x4 FreeRTOS/portable/MemMang/heap_4.o
 *(COMMON)
                0x200014fc                        . = ALIGN (0x4)
                0x200014fc                        _ebss = .
                0x200014fc                        __bss_end__ = _ebss

._user_heap_stack
                0x200014fc      0x604 load address 0x08001598
                0x20001500                        . = ALIGN (0x8)
 *fill*         0x200014fc        0x4 
                [!provide]                        PROVIDE (end = .)
                [!provide]                        PROVIDE (_end = .)
                0x20001700                        . = (. + _Min_Heap_Size)
 *fill*         0x20001500      0x200 
                0x20001b00                        . = (. + _Min_Stack_Size)
 *fill*         0x20001700      0x400 
                0x20001b00                        . = ALIGN (0x8)

/DISCARD/
 libc.a(*)
 libm.a(*)
 libgcc.a(*)

.ARM.attributes
                0x00000000       0x2f
 *(.ARM.attributes)
 .ARM.attributes
                0x00000000       0x21 CMSIS/startup_stm32f103xb.o
 .ARM.attributes
                0x00000021       0x2d CMSIS/system_stm32f1xx.o
 .ARM.attributes
                0x0000004e       0x2d src/syscalls.o
 .ARM.attributes
                0x0000007b       0x2d src/main.o
 .ARM.attributes
                0x000000a8       0x2d FreeRTOS/list.o
 .ARM.attributes
                0x000000d5       0x2d FreeRTOS/tasks.o
 .ARM.attributes
                0x00000102       0x2d FreeRTOS/portable/MemMang/heap_4.o
 .ARM.attributes
                0x0000012f       0x2d FreeRTOS/portable/GCC/ARM_CM3/port.o
 .ARM.attributes
                0x0000015c       0x2d /usr/lib/gcc/arm-none-eabi/14.2.0/../../../../arm-none-eabi/lib/thumb/v7-m/nofp/libg.a(libc_a-memset.o)
 .ARM.attributes
                0x00000189       0x2d /usr/lib/gcc/arm-none-eabi/14.2.0/../../../../arm-none-eabi/lib/thumb/v7-m/nofp/libg.a(libc_a-init.o)
OUTPUT(app.elf elf32-littlearm)
LOAD linker stubs
LOAD /usr/lib/gcc/arm-none-eabi/14.2.0/../../../../arm-none-eabi/lib/thumb/v7-m/nofp/libc.a
LOAD /usr/lib/gcc/arm-none-eabi/14.2.0/../../../../arm-none-eabi/lib/thumb/v7-m/nofp/libm.a
LOAD /usr/lib/gcc/arm-none-eabi/14.2.0/thumb/v7-m/nofp/libgcc.a

.debug_info     0x00000000     0x2c80
 .debug_info    0x00000000      0x2b2 CMSIS/system_stm32f1xx.o
 .debug_info    0x000002b2      0x405 src/syscalls.o
 .debug_info    0x000006b7      0x2cf src/main.o
 .debug_info    0x00000986      0x2a6 FreeRTOS/list.o
 .debug_info    0x00000c2c     0x164c FreeRTOS/tasks.o
 .debug_info    0x00002278      0x4a5 FreeRTOS/portable/MemMang/heap_4.o
 .debug_info    0x0000271d      0x323 FreeRTOS/portable/GCC/ARM_CM3/port.o
 .debug_info    0x00002a40      0x135 /usr/lib/gcc/arm-none-eabi/14.2.0/../../../../arm-none-eabi/lib/thumb/v7-m/nofp/libg.a(libc_a-memset.o)
 .debug_info    0x00002b75      0x10b /usr/lib/gcc/arm-none-eabi/14.2.0/../../../../arm-none-eabi/lib/thumb/v7-m/nofp/libg.a(libc_a-init.o)

.debug_abbrev   0x00000000      0xd94
 .debug_abbrev  0x00000000      0x155 CMSIS/system_stm32f1xx.o
 .debug_abbrev  0x00000155       0xf0 src/syscalls.o
 .debug_abbrev  0x00000245      0x163 src/main.o
 .debug_abbrev  0x000003a8       0xec FreeRTOS/list.o
 .debug_abbrev  0x00000494      0x359 FreeRTOS/tasks.o
 .debug_abbrev  0x000007ed      0x1f3 FreeRTOS/portable/MemMang/heap_4.o
 .debug_abbrev  0x000009e0      0x234 FreeRTOS/portable/GCC/ARM_CM3/port.o
 .debug_abbrev  0x00000c14       0xb7 /usr/lib/gcc/arm-none-eabi/14.2.0/../../../../arm-none-eabi/lib/thumb/v7-m/nofp/libg.a(libc_a-memset.o)
 .debug_abbrev  0x00000ccb       0xc9 /usr/lib/gcc/arm-none-eabi/14.2.0/../../../../arm-none-eabi/lib/thumb/v7-m/nofp/libg.a(libc_a-init.o)

.debug_aranges  0x00000000      0x360
 .debug_aranges
                0x00000000       0x28 CMSIS/system_stm32f1xx.o
 .debug_aranges
                0x00000028       0x58 src/syscalls.o
 .debug_aranges
                0x00000080       0x28 src/main.o
 .debug_aranges
                0x000000a8       0x40 FreeRTOS/list.o
 .debug_aranges
                0x000000e8      0x160 FreeRTOS/tasks.o
 .debug_aranges
                0x00000248       0x68 FreeRTOS/portable/MemMang/heap_4.o
 .debug_aranges
                0x000002b0       0x70 FreeRTOS/portable/GCC/ARM_CM3/port.o
 .debug_aranges
                0x00000320       0x20 /usr/lib/gcc/arm-none-eabi/14.2.0/../../../../arm-none-eabi/lib/thumb/v7-m/nofp/libg.a(libc_a-memset.o)
 .debug_aranges
                0x00000340       0x20 /usr/lib/gcc/arm-none-eabi/14.2.0/../../../../arm-none-eabi/lib/thumb/v7-m/nofp/libg.a(libc_a-init.o)

.debug_rnglists
                0x00000000      0x272
 .debug_rnglists
                0x00000000       0x1b CMSIS/system_stm32f1xx.o
 .debug_rnglists
                0x0000001b       0x3d src/syscalls.o
 .debug_rnglists
                0x00000058       0x19 src/main.o
 .debug_rnglists
                0x00000071       0x2b FreeRTOS/list.o
 .debug_rnglists
                0x0000009c      0x113 FreeRTOS/tasks.o
 .debug_rnglists
                0x000001af       0x4d FreeRTOS/portable/MemMang/heap_4.o
 .debug_rnglists
                0x000001fc       0x4f FreeRTOS/portable/GCC/ARM_CM3/port.o
 .debug_rnglists
                0x0000024b       0x14 /usr/lib/gcc/arm-none-eabi/14.2.0/../../../../arm-none-eabi/lib/thumb/v7-m/nofp/libg.a(libc_a-memset.o)
 .debug_rnglists
                0x0000025f       0x13 /usr/lib/gcc/arm-none-eabi/14.2.0/../../../../arm-none-eabi/lib/thumb/v7-m/nofp/libg.a(libc_a-init.o)

.debug_line     0x00000000     0x1dcc
 .debug_line    0x00000000      0x207 CMSIS/system_stm32f1xx.o
 .debug_line    0x00000207      0x176 src/syscalls.o
 .debug_line    0x0000037d      0x16b src/main.o
 .debug_line    0x000004e8      0x201 FreeRTOS/list.o
 .debug_line    0x000006e9      0xcb2 FreeRTOS/tasks.o
 .debug_line    0x0000139b      0x47e FreeRTOS/portable/MemMang/heap_4.o
 .debug_line    0x00001819      0x2bd FreeRTOS/portable/GCC/ARM_CM3/port.o
 .debug_line    0x00001ad6      0x1c2 /usr/lib/gcc/arm-none-eabi/14.2.0/../../../../arm-none-eabi/lib/thumb/v7-m/nofp/libg.a(libc_a-memset.o)
 .debug_line    0x00001c98      0x134 /usr/lib/gcc/arm-none-eabi/14.2.0/../../../../arm-none-eabi/lib/thumb/v7-m/nofp/libg.a(libc_a-init.o)

.debug_str      0x00000000     0x14aa
 .debug_str     0x00000000     0x14aa CMSIS/system_stm32f1xx.o
                                0x245 (size before relaxing)
 .debug_str     0x000014aa      0x2dd src/syscalls.o
 .debug_str     0x000014aa      0x285 src/main.o
 .debug_str     0x000014aa      0x2a3 FreeRTOS/list.o
 .debug_str     0x000014aa      0xcf7 FreeRTOS/tasks.o
 .debug_str     0x000014aa      0x4d8 FreeRTOS/portable/MemMang/heap_4.o
 .debug_str     0x000014aa      0x339 FreeRTOS/portable/GCC/ARM_CM3/port.o
 .debug_str     0x000014aa      0x1cd /usr/lib/gcc/arm-none-eabi/14.2.0/../../../../arm-none-eabi/lib/thumb/v7-m/nofp/libg.a(libc_a-memset.o)
 .debug_str     0x000014aa      0x21a /usr/lib/gcc/arm-none-eabi/14.2.0/../../../../arm-none-eabi/lib/thumb/v7-m/nofp/libg.a(libc_a-init.o)

.comment        0x00000000       0x1e
 .comment       0x00000000       0x1e CMSIS/system_stm32f1xx.o
                                 0x1f (size before relaxing)
 .comment       0x0000001e       0x1f src/syscalls.o
 .comment       0x0000001e       0x1f src/main.o
 .comment       0x0000001e       0x1f FreeRTOS/list.o
 .comment       0x0000001e       0x1f FreeRTOS/tasks.o
 .comment       0x0000001e       0x1f FreeRTOS/portable/MemMang/heap_4.o
 .comment       0x0000001e       0x1f FreeRTOS/portable/GCC/ARM_CM3/port.o
 .comment       0x0000001e       0x1f /usr/lib/gcc/arm-none-eabi/14.2.0/../../../../arm-none-eabi/lib/thumb/v7-m/nofp/libg.a(libc_a-memset.o)
 .comment       0x0000001e       0x1f /usr/lib/gcc/arm-none-eabi/14.2.0/../../../../arm-none-eabi/lib/thumb/v7-m/nofp/libg.a(libc_a-init.o)

.debug_frame    0x00000000      0xbdc
 .debug_frame   0x00000000       0x58 CMSIS/system_stm32f1xx.o
 .debug_frame   0x00000058      0x13c src/syscalls.o
 .debug_frame   0x00000194       0x50 src/main.o
 .debug_frame   0x000001e4       0xd8 FreeRTOS/list.o
 .debug_frame   0x000002bc      0x5f0 FreeRTOS/tasks.o
 .debug_frame   0x000008ac      0x170 FreeRTOS/portable/MemMang/heap_4.o
 .debug_frame   0x00000a1c      0x168 FreeRTOS/portable/GCC/ARM_CM3/port.o
 .debug_frame   0x00000b84       0x2c /usr/lib/gcc/arm-none-eabi/14.2.0/../../../../arm-none-eabi/lib/thumb/v7-m/nofp/libg.a(libc_a-memset.o)
 .debug_frame   0x00000bb0       0x2c /usr/lib/gcc/arm-none-eabi/14.2.0/../../../../arm-none-eabi/lib/thumb/v7-m/nofp/libg.a(libc_a-init.o)

.debug_loclists
                0x00000000      0x207
 .debug_loclists
                0x00000000      0x198 /usr/lib/gcc/arm-none-eabi/14.2.0/../../../../arm-none-eabi/lib/thumb/v7-m/nofp/libg.a(libc_a-memset.o)
 .debug_loclists
                0x00000198       0x6f /usr/lib/gcc/arm-none-eabi/14.2.0/../../../../arm-none-eabi/lib/thumb/v7-m/nofp/libg.a(libc_a-init.o)
