Archive member included to satisfy reference by file (symbol)

/usr/lib/gcc/arm-none-eabi/14.2.0/../../../../arm-none-eabi/lib/thumb/v7-m/nofp/libg.a(libc_a-init.o)
                              build/CMSIS/startup_stm32f103xb.o (__libc_init_array)

Discarded input sections

 .text          0x00000000        0x0 build/src/main.o
 .data          0x00000000        0x0 build/src/main.o
 .bss           0x00000000        0x0 build/src/main.o
 .text          0x00000000        0x0 build/CMSIS/syscalls.o
 .data          0x00000000        0x0 build/CMSIS/syscalls.o
 .bss           0x00000000        0x0 build/CMSIS/syscalls.o
 .text._exit    0x00000000        0xc build/CMSIS/syscalls.o
 .text._close   0x00000000       0x16 build/CMSIS/syscalls.o
 .text._fstat   0x00000000       0x1e build/CMSIS/syscalls.o
 .text._isatty  0x00000000       0x14 build/CMSIS/syscalls.o
 .text._lseek   0x00000000       0x18 build/CMSIS/syscalls.o
 .text._read    0x00000000       0x18 build/CMSIS/syscalls.o
 .text._write   0x00000000       0x18 build/CMSIS/syscalls.o
 .text          0x00000000        0x0 build/CMSIS/system_stm32f1xx.o
 .data          0x00000000        0x0 build/CMSIS/system_stm32f1xx.o
 .bss           0x00000000        0x0 build/CMSIS/system_stm32f1xx.o
 .rodata.AHBPrescTable
                0x00000000       0x10 build/CMSIS/system_stm32f1xx.o
 .rodata.APBPrescTable
                0x00000000        0x8 build/CMSIS/system_stm32f1xx.o
 .text.SystemCoreClockUpdate
                0x00000000       0xe4 build/CMSIS/system_stm32f1xx.o
 .text          0x00000000       0x14 build/CMSIS/startup_stm32f103xb.o
 .data          0x00000000        0x0 build/CMSIS/startup_stm32f103xb.o
 .bss           0x00000000        0x0 build/CMSIS/startup_stm32f103xb.o
 .text          0x00000000        0x0 /usr/lib/gcc/arm-none-eabi/14.2.0/../../../../arm-none-eabi/lib/thumb/v7-m/nofp/libg.a(libc_a-init.o)
 .data          0x00000000        0x0 /usr/lib/gcc/arm-none-eabi/14.2.0/../../../../arm-none-eabi/lib/thumb/v7-m/nofp/libg.a(libc_a-init.o)
 .bss           0x00000000        0x0 /usr/lib/gcc/arm-none-eabi/14.2.0/../../../../arm-none-eabi/lib/thumb/v7-m/nofp/libg.a(libc_a-init.o)

Memory Configuration

Name             Origin             Length             Attributes
FLASH            0x08000000         0x00020000         xr
RAM              0x20000000         0x00005000         xrw
*default*        0x00000000         0xffffffff

Linker script and memory map

LOAD build/src/main.o
LOAD build/CMSIS/syscalls.o
LOAD build/CMSIS/system_stm32f1xx.o
LOAD build/CMSIS/startup_stm32f103xb.o
START GROUP
LOAD /usr/lib/gcc/arm-none-eabi/14.2.0/thumb/v7-m/nofp/libgcc.a
LOAD /usr/lib/gcc/arm-none-eabi/14.2.0/../../../../arm-none-eabi/lib/thumb/v7-m/nofp/libg.a
LOAD /usr/lib/gcc/arm-none-eabi/14.2.0/../../../../arm-none-eabi/lib/thumb/v7-m/nofp/libc.a
END GROUP
                0x20004fff                        _estack = 0x20004fff
                0x00000200                        _Min_Heap_Size = 0x200
                0x00000400                        _Min_Stack_Size = 0x400

.isr_vector     0x08000000      0x10c
                0x08000000                        . = ALIGN (0x4)
 *(.isr_vector)
 .isr_vector    0x08000000      0x10c build/CMSIS/startup_stm32f103xb.o
                0x08000000                g_pfnVectors
                0x0800010c                        . = ALIGN (0x4)

.text           0x0800010c      0x2ec
                0x0800010c                        . = ALIGN (0x4)
 *(.text)
 *(.text*)
 .text.SysTick_Handler
                0x0800010c       0xf4 build/src/main.o
                0x0800010c                SysTick_Handler
 .text.main     0x08000200       0x7c build/src/main.o
                0x08000200                main
 .text._init    0x0800027c        0xc build/CMSIS/syscalls.o
                0x0800027c                _init
 .text.SystemInit
                0x08000288       0xd4 build/CMSIS/system_stm32f1xx.o
                0x08000288                SystemInit
 .text.Reset_Handler
                0x0800035c       0x48 build/CMSIS/startup_stm32f103xb.o
                0x0800035c                Reset_Handler
 .text.Default_Handler
                0x080003a4        0x2 build/CMSIS/startup_stm32f103xb.o
                0x080003a4                RTC_Alarm_IRQHandler
                0x080003a4                EXTI2_IRQHandler
                0x080003a4                DebugMon_Handler
                0x080003a4                TIM1_CC_IRQHandler
                0x080003a4                HardFault_Handler
                0x080003a4                PVD_IRQHandler
                0x080003a4                PendSV_Handler
                0x080003a4                NMI_Handler
                0x080003a4                EXTI3_IRQHandler
                0x080003a4                EXTI0_IRQHandler
                0x080003a4                I2C2_EV_IRQHandler
                0x080003a4                UsageFault_Handler
                0x080003a4                ADC1_2_IRQHandler
                0x080003a4                SPI1_IRQHandler
                0x080003a4                TAMPER_IRQHandler
                0x080003a4                DMA1_Channel4_IRQHandler
                0x080003a4                USART3_IRQHandler
                0x080003a4                RTC_IRQHandler
                0x080003a4                DMA1_Channel7_IRQHandler
                0x080003a4                CAN1_RX1_IRQHandler
                0x080003a4                TIM4_IRQHandler
                0x080003a4                I2C1_EV_IRQHandler
                0x080003a4                DMA1_Channel6_IRQHandler
                0x080003a4                TIM3_IRQHandler
                0x080003a4                RCC_IRQHandler
                0x080003a4                TIM1_TRG_COM_IRQHandler
                0x080003a4                DMA1_Channel1_IRQHandler
                0x080003a4                Default_Handler
                0x080003a4                EXTI15_10_IRQHandler
                0x080003a4                EXTI9_5_IRQHandler
                0x080003a4                SPI2_IRQHandler
                0x080003a4                MemManage_Handler
                0x080003a4                SVC_Handler
                0x080003a4                DMA1_Channel5_IRQHandler
                0x080003a4                EXTI4_IRQHandler
                0x080003a4                USB_LP_CAN1_RX0_IRQHandler
                0x080003a4                USB_HP_CAN1_TX_IRQHandler
                0x080003a4                DMA1_Channel3_IRQHandler
                0x080003a4                TIM1_UP_IRQHandler
                0x080003a4                WWDG_IRQHandler
                0x080003a4                TIM2_IRQHandler
                0x080003a4                TIM1_BRK_IRQHandler
                0x080003a4                EXTI1_IRQHandler
                0x080003a4                USART2_IRQHandler
                0x080003a4                I2C2_ER_IRQHandler
                0x080003a4                DMA1_Channel2_IRQHandler
                0x080003a4                CAN1_SCE_IRQHandler
                0x080003a4                FLASH_IRQHandler
                0x080003a4                BusFault_Handler
                0x080003a4                USART1_IRQHandler
                0x080003a4                I2C1_ER_IRQHandler
                0x080003a4                USBWakeUp_IRQHandler
 *fill*         0x080003a6        0x2 
 .text.__libc_init_array
                0x080003a8       0x50 /usr/lib/gcc/arm-none-eabi/14.2.0/../../../../arm-none-eabi/lib/thumb/v7-m/nofp/libg.a(libc_a-init.o)
                0x080003a8                __libc_init_array
 *(.glue_7)
 .glue_7        0x080003f8        0x0 linker stubs
 *(.glue_7t)
 .glue_7t       0x080003f8        0x0 linker stubs
 *(.eh_frame)
 *(.init)
 *(.fini)
                0x080003f8                        . = ALIGN (0x4)
                0x080003f8                        _etext = .

.vfp11_veneer   0x080003f8        0x0
 .vfp11_veneer  0x080003f8        0x0 linker stubs

.v4_bx          0x080003f8        0x0
 .v4_bx         0x080003f8        0x0 linker stubs

.iplt           0x080003f8        0x0
 .iplt          0x080003f8        0x0 build/src/main.o

.rel.dyn        0x080003f8        0x0
 .rel.iplt      0x080003f8        0x0 build/src/main.o

.rodata         0x080003f8        0x0
                0x080003f8                        . = ALIGN (0x4)
 *(.rodata)
 *(.rodata*)
                0x080003f8                        . = ALIGN (0x4)

.ARM.extab
 *(.ARM.extab* .gnu.linkonce.armextab.*)

.ARM            0x080003f8        0x0
                0x080003f8                        __exidx_start = .
 *(.ARM.exidx*)
                0x080003f8                        __exidx_end = .

.preinit_array  0x080003f8        0x0
                0x080003f8                        PROVIDE (__preinit_array_start = .)
 *(.preinit_array*)
                0x080003f8                        PROVIDE (__preinit_array_end = .)

.init_array     0x080003f8        0x0
                0x080003f8                        PROVIDE (__init_array_start = .)
 *(SORT_BY_NAME(.init_array.*))
 *(.init_array*)
                0x080003f8                        PROVIDE (__init_array_end = .)

.fini_array     0x080003f8        0x0
                [!provide]                        PROVIDE (__fini_array_start = .)
 *(SORT_BY_NAME(.fini_array.*))
 *(.fini_array*)
                [!provide]                        PROVIDE (__fini_array_end = .)
                0x080003f8                        _sidata = LOADADDR (.data)

.data           0x20000000        0x8 load address 0x080003f8
                0x20000000                        . = ALIGN (0x4)
                0x20000000                        _sdata = .
 *(.data)
 *(.data*)
 .data.pwm_step
                0x20000000        0x1 build/src/main.o
                0x20000000                pwm_step
 *fill*         0x20000001        0x3 
 .data.SystemCoreClock
                0x20000004        0x4 build/CMSIS/system_stm32f1xx.o
                0x20000004                SystemCoreClock
                0x20000008                        . = ALIGN (0x4)
                0x20000008                        _edata = .

.igot.plt       0x20000008        0x0 load address 0x08000400
 .igot.plt      0x20000008        0x0 build/src/main.o
                0x20000008                        . = ALIGN (0x4)

.bss            0x20000008       0x10 load address 0x08000400
                0x20000008                        _sbss = .
                0x20000008                        __bss_start__ = _sbss
 *(.bss)
 *(.bss*)
 .bss.pwm_counter
                0x20000008        0x4 build/src/main.o
                0x20000008                pwm_counter
 .bss.pwm_duty  0x2000000c        0x2 build/src/main.o
                0x2000000c                pwm_duty
 *fill*         0x2000000e        0x2 
 .bss.tick_fade
                0x20000010        0x4 build/src/main.o
                0x20000010                tick_fade
 .bss.tick_green
                0x20000014        0x4 build/src/main.o
                0x20000014                tick_green
 *(COMMON)
                0x20000018                        . = ALIGN (0x4)
                0x20000018                        _ebss = .
                0x20000018                        __bss_end__ = _ebss

._user_heap_stack
                0x20000018      0x600 load address 0x08000400
                0x20000018                        . = ALIGN (0x8)
                [!provide]                        PROVIDE (end = .)
                [!provide]                        PROVIDE (_end = .)
                0x20000218                        . = (. + _Min_Heap_Size)
 *fill*         0x20000018      0x200 
                0x20000618                        . = (. + _Min_Stack_Size)
 *fill*         0x20000218      0x400 
                0x20000618                        . = ALIGN (0x8)

/DISCARD/
 libc.a(*)
 libm.a(*)
 libgcc.a(*)

.ARM.attributes
                0x00000000       0x2b
 *(.ARM.attributes)
 .ARM.attributes
                0x00000000       0x2d build/src/main.o
 .ARM.attributes
                0x0000002d       0x2d build/CMSIS/syscalls.o
 .ARM.attributes
                0x0000005a       0x2d build/CMSIS/system_stm32f1xx.o
 .ARM.attributes
                0x00000087       0x21 build/CMSIS/startup_stm32f103xb.o
 .ARM.attributes
                0x000000a8       0x2d /usr/lib/gcc/arm-none-eabi/14.2.0/../../../../arm-none-eabi/lib/thumb/v7-m/nofp/libg.a(libc_a-init.o)
OUTPUT(build/app.elf elf32-littlearm)
LOAD linker stubs
LOAD /usr/lib/gcc/arm-none-eabi/14.2.0/../../../../arm-none-eabi/lib/thumb/v7-m/nofp/libc.a
LOAD /usr/lib/gcc/arm-none-eabi/14.2.0/../../../../arm-none-eabi/lib/thumb/v7-m/nofp/libm.a
LOAD /usr/lib/gcc/arm-none-eabi/14.2.0/thumb/v7-m/nofp/libgcc.a

.debug_info     0x00000000      0xa7c
 .debug_info    0x00000000      0x2ad build/src/main.o
 .debug_info    0x000002ad      0x405 build/CMSIS/syscalls.o
 .debug_info    0x000006b2      0x28f build/CMSIS/system_stm32f1xx.o
 .debug_info    0x00000941       0x30 build/CMSIS/startup_stm32f103xb.o
 .debug_info    0x00000971      0x10b /usr/lib/gcc/arm-none-eabi/14.2.0/../../../../arm-none-eabi/lib/thumb/v7-m/nofp/libg.a(libc_a-init.o)

.debug_abbrev   0x00000000      0x3f1
 .debug_abbrev  0x00000000       0xd1 build/src/main.o
 .debug_abbrev  0x000000d1       0xf0 build/CMSIS/syscalls.o
 .debug_abbrev  0x000001c1      0x143 build/CMSIS/system_stm32f1xx.o
 .debug_abbrev  0x00000304       0x24 build/CMSIS/startup_stm32f103xb.o
 .debug_abbrev  0x00000328       0xc9 /usr/lib/gcc/arm-none-eabi/14.2.0/../../../../arm-none-eabi/lib/thumb/v7-m/nofp/libg.a(libc_a-init.o)

.debug_aranges  0x00000000       0xf0
 .debug_aranges
                0x00000000       0x28 build/src/main.o
 .debug_aranges
                0x00000028       0x58 build/CMSIS/syscalls.o
 .debug_aranges
                0x00000080       0x28 build/CMSIS/system_stm32f1xx.o
 .debug_aranges
                0x000000a8       0x28 build/CMSIS/startup_stm32f103xb.o
 .debug_aranges
                0x000000d0       0x20 /usr/lib/gcc/arm-none-eabi/14.2.0/../../../../arm-none-eabi/lib/thumb/v7-m/nofp/libg.a(libc_a-init.o)

.debug_rnglists
                0x00000000       0x9e
 .debug_rnglists
                0x00000000       0x1a build/src/main.o
 .debug_rnglists
                0x0000001a       0x3d build/CMSIS/syscalls.o
 .debug_rnglists
                0x00000057       0x1b build/CMSIS/system_stm32f1xx.o
 .debug_rnglists
                0x00000072       0x19 build/CMSIS/startup_stm32f103xb.o
 .debug_rnglists
                0x0000008b       0x13 /usr/lib/gcc/arm-none-eabi/14.2.0/../../../../arm-none-eabi/lib/thumb/v7-m/nofp/libg.a(libc_a-init.o)

.debug_line     0x00000000      0x69b
 .debug_line    0x00000000      0x16e build/src/main.o
 .debug_line    0x0000016e      0x178 build/CMSIS/syscalls.o
 .debug_line    0x000002e6      0x209 build/CMSIS/system_stm32f1xx.o
 .debug_line    0x000004ef       0x78 build/CMSIS/startup_stm32f103xb.o
 .debug_line    0x00000567      0x134 /usr/lib/gcc/arm-none-eabi/14.2.0/../../../../arm-none-eabi/lib/thumb/v7-m/nofp/libg.a(libc_a-init.o)

.debug_str      0x00000000      0x58b
 .debug_str     0x00000000      0x58b build/src/main.o
                                0x229 (size before relaxing)
 .debug_str     0x0000058b      0x2dd build/CMSIS/syscalls.o
 .debug_str     0x0000058b      0x239 build/CMSIS/system_stm32f1xx.o
 .debug_str     0x0000058b       0x6d build/CMSIS/startup_stm32f103xb.o
 .debug_str     0x0000058b      0x21a /usr/lib/gcc/arm-none-eabi/14.2.0/../../../../arm-none-eabi/lib/thumb/v7-m/nofp/libg.a(libc_a-init.o)

.comment        0x00000000       0x1e
 .comment       0x00000000       0x1e build/src/main.o
                                 0x1f (size before relaxing)
 .comment       0x0000001e       0x1f build/CMSIS/syscalls.o
 .comment       0x0000001e       0x1f build/CMSIS/system_stm32f1xx.o
 .comment       0x0000001e       0x1f /usr/lib/gcc/arm-none-eabi/14.2.0/../../../../arm-none-eabi/lib/thumb/v7-m/nofp/libg.a(libc_a-init.o)

.debug_frame    0x00000000      0x208
 .debug_frame   0x00000000       0x48 build/src/main.o
 .debug_frame   0x00000048      0x13c build/CMSIS/syscalls.o
 .debug_frame   0x00000184       0x58 build/CMSIS/system_stm32f1xx.o
 .debug_frame   0x000001dc       0x2c /usr/lib/gcc/arm-none-eabi/14.2.0/../../../../arm-none-eabi/lib/thumb/v7-m/nofp/libg.a(libc_a-init.o)

.debug_line_str
                0x00000000       0x53
 .debug_line_str
                0x00000000       0x53 build/CMSIS/startup_stm32f103xb.o

.debug_loclists
                0x00000000       0x6f
 .debug_loclists
                0x00000000       0x6f /usr/lib/gcc/arm-none-eabi/14.2.0/../../../../arm-none-eabi/lib/thumb/v7-m/nofp/libg.a(libc_a-init.o)
