Archive member included to satisfy reference by file (symbol)

/usr/lib/gcc/arm-none-eabi/14.2.0/../../../../arm-none-eabi/lib/thumb/v7-m/nofp/libg.a(libc_a-init.o)
                              build/CMSIS/startup_stm32f103xb.o (__libc_init_array)

Discarded input sections

 .text          0x00000000        0x0 build/src/main.o
 .data          0x00000000        0x0 build/src/main.o
 .bss           0x00000000        0x0 build/src/main.o
 .text          0x00000000        0x0 build/CMSIS/syscalls.o
 .data          0x00000000        0x0 build/CMSIS/syscalls.o
 .bss           0x00000000        0x0 build/CMSIS/syscalls.o
 .text._exit    0x00000000        0xc build/CMSIS/syscalls.o
 .text._close   0x00000000       0x16 build/CMSIS/syscalls.o
 .text._fstat   0x00000000       0x1e build/CMSIS/syscalls.o
 .text._isatty  0x00000000       0x14 build/CMSIS/syscalls.o
 .text._lseek   0x00000000       0x18 build/CMSIS/syscalls.o
 .text._read    0x00000000       0x18 build/CMSIS/syscalls.o
 .text._write   0x00000000       0x18 build/CMSIS/syscalls.o
 .text          0x00000000        0x0 build/CMSIS/system_stm32f1xx.o
 .data          0x00000000        0x0 build/CMSIS/system_stm32f1xx.o
 .bss           0x00000000        0x0 build/CMSIS/system_stm32f1xx.o
 .data.SystemCoreClock
                0x00000000        0x4 build/CMSIS/system_stm32f1xx.o
 .rodata.AHBPrescTable
                0x00000000       0x10 build/CMSIS/system_stm32f1xx.o
 .rodata.APBPrescTable
                0x00000000        0x8 build/CMSIS/system_stm32f1xx.o
 .text.SystemCoreClockUpdate
                0x00000000       0xe4 build/CMSIS/system_stm32f1xx.o
 .text          0x00000000       0x14 build/CMSIS/startup_stm32f103xb.o
 .data          0x00000000        0x0 build/CMSIS/startup_stm32f103xb.o
 .bss           0x00000000        0x0 build/CMSIS/startup_stm32f103xb.o
 .text          0x00000000        0x0 /usr/lib/gcc/arm-none-eabi/14.2.0/../../../../arm-none-eabi/lib/thumb/v7-m/nofp/libg.a(libc_a-init.o)
 .data          0x00000000        0x0 /usr/lib/gcc/arm-none-eabi/14.2.0/../../../../arm-none-eabi/lib/thumb/v7-m/nofp/libg.a(libc_a-init.o)
 .bss           0x00000000        0x0 /usr/lib/gcc/arm-none-eabi/14.2.0/../../../../arm-none-eabi/lib/thumb/v7-m/nofp/libg.a(libc_a-init.o)

Memory Configuration

Name             Origin             Length             Attributes
FLASH            0x08000000         0x00020000         xr
RAM              0x20000000         0x00005000         xrw
*default*        0x00000000         0xffffffff

Linker script and memory map

LOAD build/src/main.o
LOAD build/CMSIS/syscalls.o
LOAD build/CMSIS/system_stm32f1xx.o
LOAD build/CMSIS/startup_stm32f103xb.o
START GROUP
LOAD /usr/lib/gcc/arm-none-eabi/14.2.0/thumb/v7-m/nofp/libgcc.a
LOAD /usr/lib/gcc/arm-none-eabi/14.2.0/../../../../arm-none-eabi/lib/thumb/v7-m/nofp/libg.a
LOAD /usr/lib/gcc/arm-none-eabi/14.2.0/../../../../arm-none-eabi/lib/thumb/v7-m/nofp/libc.a
END GROUP
                0x20004fff                        _estack = 0x20004fff
                0x00000200                        _Min_Heap_Size = 0x200
                0x00000400                        _Min_Stack_Size = 0x400

.isr_vector     0x08000000      0x10c
                0x08000000                        . = ALIGN (0x4)
 *(.isr_vector)
 .isr_vector    0x08000000      0x10c build/CMSIS/startup_stm32f103xb.o
                0x08000000                g_pfnVectors
                0x0800010c                        . = ALIGN (0x4)

.text           0x0800010c      0x444
                0x0800010c                        . = ALIGN (0x4)
 *(.text)
 *(.text*)
 .text.__NVIC_EnableIRQ
                0x0800010c       0x38 build/src/main.o
 .text.__NVIC_SetPriority
                0x08000144       0x54 build/src/main.o
 .text.delay_dummy
                0x08000198       0x28 build/src/main.o
                0x08000198                delay_dummy
 .text.SysTick_Handler
                0x080001c0       0x3c build/src/main.o
                0x080001c0                SysTick_Handler
 .text.EXTI0_IRQHandler
                0x080001fc       0x70 build/src/main.o
                0x080001fc                EXTI0_IRQHandler
 .text.EXTI1_IRQHandler
                0x0800026c       0x38 build/src/main.o
                0x0800026c                EXTI1_IRQHandler
 .text.main     0x080002a4      0x1f8 build/src/main.o
                0x080002a4                main
 .text._init    0x0800049c        0xc build/CMSIS/syscalls.o
                0x0800049c                _init
 .text.SystemInit
                0x080004a8        0xc build/CMSIS/system_stm32f1xx.o
                0x080004a8                SystemInit
 .text.Reset_Handler
                0x080004b4       0x48 build/CMSIS/startup_stm32f103xb.o
                0x080004b4                Reset_Handler
 .text.Default_Handler
                0x080004fc        0x2 build/CMSIS/startup_stm32f103xb.o
                0x080004fc                RTC_Alarm_IRQHandler
                0x080004fc                EXTI2_IRQHandler
                0x080004fc                DebugMon_Handler
                0x080004fc                TIM1_CC_IRQHandler
                0x080004fc                HardFault_Handler
                0x080004fc                PVD_IRQHandler
                0x080004fc                PendSV_Handler
                0x080004fc                NMI_Handler
                0x080004fc                EXTI3_IRQHandler
                0x080004fc                I2C2_EV_IRQHandler
                0x080004fc                UsageFault_Handler
                0x080004fc                ADC1_2_IRQHandler
                0x080004fc                SPI1_IRQHandler
                0x080004fc                TAMPER_IRQHandler
                0x080004fc                DMA1_Channel4_IRQHandler
                0x080004fc                USART3_IRQHandler
                0x080004fc                RTC_IRQHandler
                0x080004fc                DMA1_Channel7_IRQHandler
                0x080004fc                CAN1_RX1_IRQHandler
                0x080004fc                TIM4_IRQHandler
                0x080004fc                I2C1_EV_IRQHandler
                0x080004fc                DMA1_Channel6_IRQHandler
                0x080004fc                TIM3_IRQHandler
                0x080004fc                RCC_IRQHandler
                0x080004fc                TIM1_TRG_COM_IRQHandler
                0x080004fc                DMA1_Channel1_IRQHandler
                0x080004fc                Default_Handler
                0x080004fc                EXTI15_10_IRQHandler
                0x080004fc                EXTI9_5_IRQHandler
                0x080004fc                SPI2_IRQHandler
                0x080004fc                MemManage_Handler
                0x080004fc                SVC_Handler
                0x080004fc                DMA1_Channel5_IRQHandler
                0x080004fc                EXTI4_IRQHandler
                0x080004fc                USB_LP_CAN1_RX0_IRQHandler
                0x080004fc                USB_HP_CAN1_TX_IRQHandler
                0x080004fc                DMA1_Channel3_IRQHandler
                0x080004fc                TIM1_UP_IRQHandler
                0x080004fc                WWDG_IRQHandler
                0x080004fc                TIM2_IRQHandler
                0x080004fc                TIM1_BRK_IRQHandler
                0x080004fc                USART2_IRQHandler
                0x080004fc                I2C2_ER_IRQHandler
                0x080004fc                DMA1_Channel2_IRQHandler
                0x080004fc                CAN1_SCE_IRQHandler
                0x080004fc                FLASH_IRQHandler
                0x080004fc                BusFault_Handler
                0x080004fc                USART1_IRQHandler
                0x080004fc                I2C1_ER_IRQHandler
                0x080004fc                USBWakeUp_IRQHandler
 *fill*         0x080004fe        0x2 
 .text.__libc_init_array
                0x08000500       0x50 /usr/lib/gcc/arm-none-eabi/14.2.0/../../../../arm-none-eabi/lib/thumb/v7-m/nofp/libg.a(libc_a-init.o)
                0x08000500                __libc_init_array
 *(.glue_7)
 .glue_7        0x08000550        0x0 linker stubs
 *(.glue_7t)
 .glue_7t       0x08000550        0x0 linker stubs
 *(.eh_frame)
 *(.init)
 *(.fini)
                0x08000550                        . = ALIGN (0x4)
                0x08000550                        _etext = .

.vfp11_veneer   0x08000550        0x0
 .vfp11_veneer  0x08000550        0x0 linker stubs

.v4_bx          0x08000550        0x0
 .v4_bx         0x08000550        0x0 linker stubs

.iplt           0x08000550        0x0
 .iplt          0x08000550        0x0 build/src/main.o

.rel.dyn        0x08000550        0x0
 .rel.iplt      0x08000550        0x0 build/src/main.o

.rodata         0x08000550        0x0
                0x08000550                        . = ALIGN (0x4)
 *(.rodata)
 *(.rodata*)
                0x08000550                        . = ALIGN (0x4)

.ARM.extab
 *(.ARM.extab* .gnu.linkonce.armextab.*)

.ARM            0x08000550        0x0
                0x08000550                        __exidx_start = .
 *(.ARM.exidx*)
                0x08000550                        __exidx_end = .

.preinit_array  0x08000550        0x0
                0x08000550                        PROVIDE (__preinit_array_start = .)
 *(.preinit_array*)
                0x08000550                        PROVIDE (__preinit_array_end = .)

.init_array     0x08000550        0x0
                0x08000550                        PROVIDE (__init_array_start = .)
 *(SORT_BY_NAME(.init_array.*))
 *(.init_array*)
                0x08000550                        PROVIDE (__init_array_end = .)

.fini_array     0x08000550        0x0
                [!provide]                        PROVIDE (__fini_array_start = .)
 *(SORT_BY_NAME(.fini_array.*))
 *(.fini_array*)
                [!provide]                        PROVIDE (__fini_array_end = .)
                0x08000550                        _sidata = LOADADDR (.data)

.data           0x20000000        0x0 load address 0x08000550
                0x20000000                        . = ALIGN (0x4)
                0x20000000                        _sdata = .
 *(.data)
 *(.data*)
                0x20000000                        . = ALIGN (0x4)
                0x20000000                        _edata = .

.igot.plt       0x20000000        0x0 load address 0x08000550
 .igot.plt      0x20000000        0x0 build/src/main.o
                0x20000000                        . = ALIGN (0x4)

.bss            0x20000000        0x8 load address 0x08000550
                0x20000000                        _sbss = .
                0x20000000                        __bss_start__ = _sbss
 *(.bss)
 *(.bss*)
 .bss.modo_adc  0x20000000        0x1 build/src/main.o
                0x20000000                modo_adc
 *fill*         0x20000001        0x3 
 .bss.tick_led  0x20000004        0x4 build/src/main.o
                0x20000004                tick_led
 *(COMMON)
                0x20000008                        . = ALIGN (0x4)
                0x20000008                        _ebss = .
                0x20000008                        __bss_end__ = _ebss

._user_heap_stack
                0x20000008      0x600 load address 0x08000550
                0x20000008                        . = ALIGN (0x8)
                [!provide]                        PROVIDE (end = .)
                [!provide]                        PROVIDE (_end = .)
                0x20000208                        . = (. + _Min_Heap_Size)
 *fill*         0x20000008      0x200 
                0x20000608                        . = (. + _Min_Stack_Size)
 *fill*         0x20000208      0x400 
                0x20000608                        . = ALIGN (0x8)

/DISCARD/
 libc.a(*)
 libm.a(*)
 libgcc.a(*)

.ARM.attributes
                0x00000000       0x2b
 *(.ARM.attributes)
 .ARM.attributes
                0x00000000       0x2d build/src/main.o
 .ARM.attributes
                0x0000002d       0x2d build/CMSIS/syscalls.o
 .ARM.attributes
                0x0000005a       0x2d build/CMSIS/system_stm32f1xx.o
 .ARM.attributes
                0x00000087       0x21 build/CMSIS/startup_stm32f103xb.o
 .ARM.attributes
                0x000000a8       0x2d /usr/lib/gcc/arm-none-eabi/14.2.0/../../../../arm-none-eabi/lib/thumb/v7-m/nofp/libg.a(libc_a-init.o)
OUTPUT(build/app.elf elf32-littlearm)
LOAD linker stubs
LOAD /usr/lib/gcc/arm-none-eabi/14.2.0/../../../../arm-none-eabi/lib/thumb/v7-m/nofp/libc.a
LOAD /usr/lib/gcc/arm-none-eabi/14.2.0/../../../../arm-none-eabi/lib/thumb/v7-m/nofp/libm.a
LOAD /usr/lib/gcc/arm-none-eabi/14.2.0/thumb/v7-m/nofp/libgcc.a

.debug_info     0x00000000     0x10f4
 .debug_info    0x00000000      0x99d build/src/main.o
 .debug_info    0x0000099d      0x405 build/CMSIS/syscalls.o
 .debug_info    0x00000da2      0x217 build/CMSIS/system_stm32f1xx.o
 .debug_info    0x00000fb9       0x30 build/CMSIS/startup_stm32f103xb.o
 .debug_info    0x00000fe9      0x10b /usr/lib/gcc/arm-none-eabi/14.2.0/../../../../arm-none-eabi/lib/thumb/v7-m/nofp/libg.a(libc_a-init.o)

.debug_abbrev   0x00000000      0x564
 .debug_abbrev  0x00000000      0x24a build/src/main.o
 .debug_abbrev  0x0000024a       0xf0 build/CMSIS/syscalls.o
 .debug_abbrev  0x0000033a      0x13d build/CMSIS/system_stm32f1xx.o
 .debug_abbrev  0x00000477       0x24 build/CMSIS/startup_stm32f103xb.o
 .debug_abbrev  0x0000049b       0xc9 /usr/lib/gcc/arm-none-eabi/14.2.0/../../../../arm-none-eabi/lib/thumb/v7-m/nofp/libg.a(libc_a-init.o)

.debug_aranges  0x00000000      0x118
 .debug_aranges
                0x00000000       0x50 build/src/main.o
 .debug_aranges
                0x00000050       0x58 build/CMSIS/syscalls.o
 .debug_aranges
                0x000000a8       0x28 build/CMSIS/system_stm32f1xx.o
 .debug_aranges
                0x000000d0       0x28 build/CMSIS/startup_stm32f103xb.o
 .debug_aranges
                0x000000f8       0x20 /usr/lib/gcc/arm-none-eabi/14.2.0/../../../../arm-none-eabi/lib/thumb/v7-m/nofp/libg.a(libc_a-init.o)

.debug_rnglists
                0x00000000       0xbb
 .debug_rnglists
                0x00000000       0x38 build/src/main.o
 .debug_rnglists
                0x00000038       0x3d build/CMSIS/syscalls.o
 .debug_rnglists
                0x00000075       0x1a build/CMSIS/system_stm32f1xx.o
 .debug_rnglists
                0x0000008f       0x19 build/CMSIS/startup_stm32f103xb.o
 .debug_rnglists
                0x000000a8       0x13 /usr/lib/gcc/arm-none-eabi/14.2.0/../../../../arm-none-eabi/lib/thumb/v7-m/nofp/libg.a(libc_a-init.o)

.debug_line     0x00000000      0x7a8
 .debug_line    0x00000000      0x310 build/src/main.o
 .debug_line    0x00000310      0x178 build/CMSIS/syscalls.o
 .debug_line    0x00000488      0x174 build/CMSIS/system_stm32f1xx.o
 .debug_line    0x000005fc       0x78 build/CMSIS/startup_stm32f103xb.o
 .debug_line    0x00000674      0x134 /usr/lib/gcc/arm-none-eabi/14.2.0/../../../../arm-none-eabi/lib/thumb/v7-m/nofp/libg.a(libc_a-init.o)

.debug_str      0x00000000      0xa02
 .debug_str     0x00000000      0xa02 build/src/main.o
                                0x6dd (size before relaxing)
 .debug_str     0x00000a02      0x2dd build/CMSIS/syscalls.o
 .debug_str     0x00000a02      0x210 build/CMSIS/system_stm32f1xx.o
 .debug_str     0x00000a02       0x6d build/CMSIS/startup_stm32f103xb.o
 .debug_str     0x00000a02      0x21a /usr/lib/gcc/arm-none-eabi/14.2.0/../../../../arm-none-eabi/lib/thumb/v7-m/nofp/libg.a(libc_a-init.o)

.comment        0x00000000       0x1e
 .comment       0x00000000       0x1e build/src/main.o
                                 0x1f (size before relaxing)
 .comment       0x0000001e       0x1f build/CMSIS/syscalls.o
 .comment       0x0000001e       0x1f build/CMSIS/system_stm32f1xx.o
 .comment       0x0000001e       0x1f /usr/lib/gcc/arm-none-eabi/14.2.0/../../../../arm-none-eabi/lib/thumb/v7-m/nofp/libg.a(libc_a-init.o)

.debug_frame    0x00000000      0x2c8
 .debug_frame   0x00000000      0x108 build/src/main.o
 .debug_frame   0x00000108      0x13c build/CMSIS/syscalls.o
 .debug_frame   0x00000244       0x58 build/CMSIS/system_stm32f1xx.o
 .debug_frame   0x0000029c       0x2c /usr/lib/gcc/arm-none-eabi/14.2.0/../../../../arm-none-eabi/lib/thumb/v7-m/nofp/libg.a(libc_a-init.o)

.debug_line_str
                0x00000000       0x53
 .debug_line_str
                0x00000000       0x53 build/CMSIS/startup_stm32f103xb.o

.debug_loclists
                0x00000000       0x6f
 .debug_loclists
                0x00000000       0x6f /usr/lib/gcc/arm-none-eabi/14.2.0/../../../../arm-none-eabi/lib/thumb/v7-m/nofp/libg.a(libc_a-init.o)
